This is pdfTeX, Version 3.141592653-2.6-1.40.29 (MiKTeX 26.5) (preloaded format=pdflatex 2026.8.13)  14 AUG 2026 01:37
entering extended mode
 restricted \write18 enabled.
 %&-line parsing enabled.
**./example-report.tex
(example-report.tex
LaTeX2e <2026-06-01>
L3 programming layer <2026-07-20>
(rapport.cls
Document Class: rapport 2026/08/13 Eclipse NMBU report class
(C:\Users\oskar\AppData\Local\Programs\MiKTeX\tex/latex/base\article.cls
Document Class: article 2025/01/22 v1.4n Standard LaTeX document class
(C:\Users\oskar\AppData\Local\Programs\MiKTeX\tex/latex/base\size12.clo
File: size12.clo 2025/01/22 v1.4n Standard LaTeX file (size option)
)
\c@part=\count276
\c@section=\count277
\c@subsection=\count278
\c@subsubsection=\count279
\c@paragraph=\count280
\c@subparagraph=\count281
\c@figure=\count282
\c@table=\count283
\abovecaptionskip=\skip49
\belowcaptionskip=\skip50
\bibindent=\dimen150
)
(C:\Users\oskar\AppData\Local\Programs\MiKTeX\tex/generic/iftex\iftex.sty
Package: iftex 2024/12/12 v1.0g TeX engine tests
)
(C:\Users\oskar\AppData\Local\Programs\MiKTeX\tex/latex/graphics\graphicx.sty
Package: graphicx 2026-05-17 v1.2e Enhanced LaTeX Graphics (DPC,SPQR)

(C:\Users\oskar\AppData\Local\Programs\MiKTeX\tex/latex/graphics\keyval.sty
Package: keyval 2026-05-17 v1.15 key=value parser (DPC)
\KV@toks@=\toks17
)
(C:\Users\oskar\AppData\Local\Programs\MiKTeX\tex/latex/graphics\graphics.sty
Package: graphics 2026-05-17 v1.4h Standard LaTeX Graphics (DPC,SPQR)

(C:\Users\oskar\AppData\Local\Programs\MiKTeX\tex/latex/graphics\trig.sty
Package: trig 2023/12/02 v1.11 sin cos tan (DPC)
)
(C:\Users\oskar\AppData\Local\Programs\MiKTeX\tex/latex/graphics-cfg\graphics.c
fg
File: graphics.cfg 2016/06/04 v1.11 sample graphics configuration
)
Package graphics Info: Driver file: pdftex.def on input line 106.

(C:\Users\oskar\AppData\Local\Programs\MiKTeX\tex/latex/graphics-def\pdftex.def
File: pdftex.def 2025/09/29 v1.2d Graphics/color driver for pdftex
))
\Gin@req@height=\dimen151
\Gin@req@width=\dimen152
)
(C:\Users\oskar\AppData\Local\Programs\MiKTeX\tex/latex/fancyhdr\fancyhdr.sty
Package: fancyhdr 2025/02/07 v5.2 Extensive control of page headers and footers

\f@nch@headwidth=\skip51
\f@nch@offset@elh=\skip52
\f@nch@offset@erh=\skip53
\f@nch@offset@olh=\skip54
\f@nch@offset@orh=\skip55
\f@nch@offset@elf=\skip56
\f@nch@offset@erf=\skip57
\f@nch@offset@olf=\skip58
\f@nch@offset@orf=\skip59
\f@nch@height=\skip60
\f@nch@footalignment=\skip61
\f@nch@widthL=\skip62
\f@nch@widthC=\skip63
\f@nch@widthR=\skip64
\@temptokenb=\toks18
)
(C:\Users\oskar\AppData\Local\Programs\MiKTeX\tex/latex/lastpage\lastpage.sty
Package: lastpage 2025/08/14 v2.1h lastpage: 2.09 or 2e? (HMM)

(C:\Users\oskar\AppData\Local\Programs\MiKTeX\tex/latex/lastpage\lastpage2e.sty
Package: lastpage2e 2025/08/14 v2.1h Decide which 2e lastpage version to use (H
MM)

(C:\Users\oskar\AppData\Local\Programs\MiKTeX\tex/latex/lastpage\lastpagemodern
.sty
Package: lastpagemodern 2025-08-14 v2.1h Refers to last page's name (HMM; JPG)
\c@lastpagecount=\count284
) 
))
(C:\Users\oskar\AppData\Local\Programs\MiKTeX\tex/latex/geometry\geometry.sty
Package: geometry 2026/03/07 v6.0 Page Geometry

(C:\Users\oskar\AppData\Local\Programs\MiKTeX\tex/generic/iftex\ifvtex.sty
Package: ifvtex 2019/10/25 v1.7 ifvtex legacy package. Use iftex instead.
)
\Gm@cnth=\count285
\Gm@cntv=\count286
\c@Gm@tempcnt=\count287
\Gm@bindingoffset=\dimen153
\Gm@wd@mp=\dimen154
\Gm@odd@mp=\dimen155
\Gm@even@mp=\dimen156
\Gm@layoutwidth=\dimen157
\Gm@layoutheight=\dimen158
\Gm@layouthoffset=\dimen159
\Gm@layoutvoffset=\dimen160
\Gm@dimlist=\toks19

(C:\Users\oskar\AppData\Local\Programs\MiKTeX\tex/latex/geometry\geometry.cfg))
(C:\Users\oskar\AppData\Local\Programs\MiKTeX\tex/latex/base\inputenc.sty
Package: inputenc 2024/02/08 v1.3d Input encoding file
\inpenc@prehook=\toks20
\inpenc@posthook=\toks21
)
(C:\Users\oskar\AppData\Local\Programs\MiKTeX\tex/latex/base\fontenc.sty
Package: fontenc 2025/07/18 v2.1d Standard LaTeX package
)
\rap@logoheight=\skip65
)
(C:\Users\oskar\AppData\Local\Programs\MiKTeX\tex/latex/enumitem\enumitem.sty
Package: enumitem 2025/02/06 v3.11 Customized lists
\labelindent=\skip66
\enit@outerparindent=\dimen161
\enit@toks=\toks22
\enit@inbox=\box53
\enit@count@id=\count288
\enitdp@description=\count289
)
(../cover/rapport-cover.tex)
(C:\Users\oskar\AppData\Local\Programs\MiKTeX\tex/latex/l3backend\l3backend-pdf
tex.def
File: l3backend-pdftex.def 2026-07-20 L3 backend support: PDF output (pdfTeX)
\l__color_backend_stack_int=\count290
) (example-report.aux)
\openout1 = `example-report.aux'.

LaTeX Font Info:    Checking defaults for OML/cmm/m/it on input line 18.
LaTeX Font Info:    ... okay on input line 18.
LaTeX Font Info:    Checking defaults for OMS/cmsy/m/n on input line 18.
LaTeX Font Info:    ... okay on input line 18.
LaTeX Font Info:    Checking defaults for OT1/cmr/m/n on input line 18.
LaTeX Font Info:    ... okay on input line 18.
LaTeX Font Info:    Checking defaults for T1/cmr/m/n on input line 18.
LaTeX Font Info:    ... okay on input line 18.
LaTeX Font Info:    Checking defaults for TS1/cmr/m/n on input line 18.
LaTeX Font Info:    ... okay on input line 18.
LaTeX Font Info:    Checking defaults for OMX/cmex/m/n on input line 18.
LaTeX Font Info:    ... okay on input line 18.
LaTeX Font Info:    Checking defaults for U/cmr/m/n on input line 18.
LaTeX Font Info:    ... okay on input line 18.

(C:\Users\oskar\AppData\Local\Programs\MiKTeX\tex/context/base/mkii\supp-pdf.mk
ii
[Loading MPS to PDF converter (version 2006.09.02).]
\scratchcounter=\count291
\scratchdimen=\dimen162
\scratchbox=\box54
\nofMPsegments=\count292
\nofMParguments=\count293
\everyMPshowfont=\toks23
\MPscratchCnt=\count294
\MPscratchDim=\dimen163
\MPnumerator=\count295
\makeMPintoPDFobject=\count296
\everyMPtoPDFconversion=\toks24
)
(C:\Users\oskar\AppData\Local\Programs\MiKTeX\tex/latex/epstopdf-pkg\epstopdf-b
ase.sty
Package: epstopdf-base 2020-01-24 v2.11 Base part for package epstopdf
Package epstopdf-base Info: Redefining graphics rule for `.eps' on input line 4
85.

(C:\Users\oskar\AppData\Local\Programs\MiKTeX\tex/latex/00miktex\epstopdf-sys.c
fg
File: epstopdf-sys.cfg 2021/03/18 v2.0 Configuration of epstopdf for MiKTeX
))
*geometry* driver: auto-detecting
*geometry* detected driver: pdftex
*geometry* verbose mode - [ preamble ] result:
* driver: pdftex
* paper: <default>
* layout: <same size as paper>
* layoutoffset:(h,v)=(0.0pt,0.0pt)
* modes: 
* h-part:(L,W,R)=(71.13188pt, 455.24411pt, 71.13188pt)
* v-part:(T,H,B)=(71.13188pt, 702.78308pt, 71.13188pt)
* \paperwidth=597.50787pt
* \paperheight=845.04684pt
* \textwidth=455.24411pt
* \textheight=702.78308pt
* \oddsidemargin=-1.1381pt
* \evensidemargin=-1.1381pt
* \topmargin=-66.1381pt
* \headheight=50.0pt
* \headsep=15.0pt
* \topskip=12.0pt
* \footskip=30.0pt
* \marginparwidth=35.0pt
* \marginparsep=10.0pt
* \columnsep=10.0pt
* \skip\footins=10.8pt plus 4.0pt minus 2.0pt
* \hoffset=0.0pt
* \voffset=0.0pt
* \mag=1000
* \@twocolumnfalse
* \@twosidefalse
* \@mparswitchfalse
* \@reversemarginfalse
* (1in=72.27pt=25.4mm, 1cm=28.453pt)

<../../Eclipse Images/EclipsePlack.png, id=1, 158.2713pt x 203.3196pt>
File: ../../Eclipse Images/EclipsePlack.png Graphic file (type png)
<use ../../Eclipse Images/EclipsePlack.png>
Package pdftex.def Info: ../../Eclipse Images/EclipsePlack.png  used on input l
ine 20.
(pdftex.def)             Requested size: 184.9429pt x 237.58823pt.
<../../Eclipse Images/EclipseFullText.png, id=3, 773.0481pt x 94.4328pt>
File: ../../Eclipse Images/EclipseFullText.png Graphic file (type png)
<use ../../Eclipse Images/EclipseFullText.png>
Package pdftex.def Info: ../../Eclipse Images/EclipseFullText.png  used on inpu
t line 20.
(pdftex.def)             Requested size: 302.79688pt x 36.98866pt.
[1

{C:/Users/oskar/AppData/Local/MiKTeX/fonts/map/pdftex/pdftex.map} <../../Eclips
e Images/EclipsePlack.png> <../../Eclipse Images/EclipseFullText.png>]
(example-report.toc
LaTeX Font Info:    External font `cmex10' loaded for size
(Font)              <12> on input line 2.
LaTeX Font Info:    External font `cmex10' loaded for size
(Font)              <8> on input line 2.
LaTeX Font Info:    External font `cmex10' loaded for size
(Font)              <6> on input line 2.
 [1])
\tf@toc=\write3
\openout3 = `example-report.toc'.

 [2]
File: ../../Eclipse Images/EclipseFullText.png Graphic file (type png)
<use ../../Eclipse Images/EclipseFullText.png>
Package pdftex.def Info: ../../Eclipse Images/EclipseFullText.png  used on inpu
t line 67.
(pdftex.def)             Requested size: 81.34348pt x 9.93758pt.
 [1]
File: ../../Eclipse Images/EclipseFullText.png Graphic file (type png)
<use ../../Eclipse Images/EclipseFullText.png>
Package pdftex.def Info: ../../Eclipse Images/EclipseFullText.png  used on inpu
t line 109.
(pdftex.def)             Requested size: 81.34348pt x 9.93758pt.
 [2]
Overfull \hbox (11.26811pt too wide) in paragraph at lines 151--155
[]\T1/cmr/bx/n/12 Ansvar: \T1/cmr/m/n/12 Rekrut-ter-ing, merke-vare-byg-ging, s
pon-sor-re-lasjon og ek-stern kom-mu-nikasjon.
 []

File: ../../Eclipse Images/EclipseFullText.png Graphic file (type png)
<use ../../Eclipse Images/EclipseFullText.png>
Package pdftex.def Info: ../../Eclipse Images/EclipseFullText.png  used on inpu
t line 155.
(pdftex.def)             Requested size: 81.34348pt x 9.93758pt.
[3]
Overfull \hbox (32.1962pt too wide) in paragraph at lines 192--192
[]\T1/cmr/bx/n/17.28 Ÿ 8 VARSLING OG HÅND-TER-ING AV KRI-TIKKVERDIG
 []

File: ../../Eclipse Images/EclipseFullText.png Graphic file (type png)
<use ../../Eclipse Images/EclipseFullText.png>
Package pdftex.def Info: ../../Eclipse Images/EclipseFullText.png  used on inpu
t line 199.
(pdftex.def)             Requested size: 81.34348pt x 9.93758pt.
[4]
File: ../../Eclipse Images/EclipseFullText.png Graphic file (type png)
<use ../../Eclipse Images/EclipseFullText.png>
Package pdftex.def Info: ../../Eclipse Images/EclipseFullText.png  used on inpu
t line 237.
(pdftex.def)             Requested size: 81.34348pt x 9.93758pt.
 [5]
File: ../../Eclipse Images/EclipseFullText.png Graphic file (type png)
<use ../../Eclipse Images/EclipseFullText.png>
Package pdftex.def Info: ../../Eclipse Images/EclipseFullText.png  used on inpu
t line 275.
(pdftex.def)             Requested size: 81.34348pt x 9.93758pt.
 [6]
Overfull \hbox (1.32085pt too wide) in paragraph at lines 290--292
[]\T1/cmr/bx/n/12 Forvaltning: \T1/cmr/m/n/12 Styret fast-set-ter og an-non-ser
er po-engsatser og grenser for hele forenin-
 []

File: ../../Eclipse Images/EclipseFullText.png Graphic file (type png)
<use ../../Eclipse Images/EclipseFullText.png>
Package pdftex.def Info: ../../Eclipse Images/EclipseFullText.png  used on inpu
t line 324.
(pdftex.def)             Requested size: 81.34348pt x 9.93758pt.
[7]
File: ../../Eclipse Images/EclipseFullText.png Graphic file (type png)
<use ../../Eclipse Images/EclipseFullText.png>
Package pdftex.def Info: ../../Eclipse Images/EclipseFullText.png  used on inpu
t line 347.
(pdftex.def)             Requested size: 81.34348pt x 9.93758pt.
 [8] 
enddocument/afterlastpage (AED): lastpage setting LastPage.
(example-report.aux)
 ***********
LaTeX2e <2026-06-01>
L3 programming layer <2026-07-20>
 ***********
 ) 
Here is how much of TeX's memory you used:
 2984 strings out of 467501
 49996 string characters out of 5408550
 476212 words of memory out of 5000000
 32212 multiletter control sequences out of 15000+600000
 639274 words of font info for 61 fonts, out of 8000000 for 9000
 1141 hyphenation exceptions out of 8191
 72i,16n,79p,252b,541s stack positions out of 10000i,1000n,20000p,200000b,200000s
 <C:\Users\oskar\AppData\Local\MiKTeX\fonts/pk/ljfour/jknappen/ec/dpi600\tcrm
1200.pk> <C:\Users\oskar\AppData\Local\MiKTeX\fonts/pk/ljfour/jknappen/ec/dpi60
0\ecbx1440.pk> <C:\Users\oskar\AppData\Local\MiKTeX\fonts/pk/ljfour/jknappen/ec
/dpi600\ecbx1200.pk> <C:\Users\oskar\AppData\Local\MiKTeX\fonts/pk/ljfour/jknap
pen/ec/dpi600\ecbx1728.pk> <C:\Users\oskar\AppData\Local\MiKTeX\fonts/pk/ljfour
/jknappen/ec/dpi600\ecrm1095.pk> <C:\Users\oskar\AppData\Local\MiKTeX\fonts/pk/
ljfour/jknappen/ec/dpi600\ecrm1200.pk> <C:\Users\oskar\AppData\Local\MiKTeX\fon
ts/pk/ljfour/jknappen/ec/dpi600\ecsx1200.pk> <C:\Users\oskar\AppData\Local\MiKT
eX\fonts/pk/ljfour/jknappen/ec/dpi600\ecsx2488.pk>
Output written on example-report.pdf (11 pages, 274842 bytes).
PDF statistics:
 368 PDF objects out of 1000 (max. 8388607)
 0 named destinations out of 1000 (max. 500000)
 11 words of extra memory for PDF output out of 10000 (max. 10000000)

